╭──────────────────────────────────────────────────────────╮
│   ████╭─────╮      ● /home/user/project                  │
│   ████│ >_  │ ━━                                         │
│   █▀█▀╰─────╯ ━    Session                               │
│        ▝▘          ● test-session                        │
│   █ ▄ █▐▌▄▀▀▐▛▚▖                                         │
│   ▀▄▀▄▀▐▌▄▄▀▐▛▘    Endpoint                              │
│                    ● http://localhost:8091/v1            │
│                                                          │
│                    F1 or /help for controls              │
│ ──────────────────────────────────────────────────────   │
│                                                          │
│   ▌ find the retry logic                                 │
│                                                          │
│     ╭────────────────────────────────────────────────╮   │
│     │ ⣾  agent explorer: find retry logic · 1.5s ·   │   │
│     │ esc to interrupt                               │   │
│     ╰────────────────────────────────────────────────╯   │
│                                           -  wisp is idle│
╰──────────────────────────────────────────────────────────╯
╭──────────────────────────────────────────────────────────╮
│ > ask wisp...                                            │
╰──────────────────────────────────────────────────────────╯
 fast-agent · /home/user/project                            