╭──────────────────────────────────────────╮╭──────────────────────────────────╮
│ ● /home/user/project                     ││ Agents 1 active                  │
│                                          ││                                  │
│ Session                                  ││ ✓ reviewer · 4.0s                │
│ ● test-session                           ││   review client.go               │
│                                          ││   0 tool calls · 1500 tokens     │
│ Endpoint                                 ││                                  │
│ ● http://localhost:8091/v1               ││ ⣾ explorer · 1.5s                │
│                                          ││   find retry logic               │
│ F1 or /help for controls                 ││                                  │
│ ──────────────────────────────────────   ││                                  │
│                                          ││                                  │
│   ▌ find the retry logic                 ││                                  │
│                                          ││                                  │
│     ╭────────────────────────────────╮   ││                                  │
│     │ ⣾  agent explorer: find retry  │   ││                                  │
│     │ logic · 1.5s · esc to          │   ││                                  │
│     │ interrupt                      │   ││                                  │
│     ╰────────────────────────────────╯   ││                   -  wisp is idle│
╰──────────────────────────────────────────╯╰──────────────────────────────────╯
╭──────────────────────────────────────────────────────────────────────────────╮
│ > ask wisp...                                                                │
╰──────────────────────────────────────────────────────────────────────────────╯
 fast-agent · /home/user/project                                                