╭──────────────────────────────────────────╮╭──────────────────────────────────╮
│ Directory                                ││ Agents 1 active                  │
│ ● /home/user/project                     ││                                  │
│                                          ││ ✓ reviewer · 4.0s                │
│ Session                                  ││   review client.go               │
│ ● test-session                           ││   0 tool calls · 1500 tokens     │
│                                          ││                                  │
│ Endpoint                                 ││ ⣾ explorer · 1.5s                │
│ ● http://localhost:8091/v1               ││   find retry logic               │
│                                          ││                                  │
│ F1 or /help for controls                 ││                                  │
│ ──────────────────────────────────────   ││                                  │
│                                          ││                                  │
│   ▌ find the retry logic                 ││                                  │
│                                          ││                                  │
│     ╭────────────────────────────────╮   ││                                  │
│     │ ⣾  agent explorer: find retry  │   ││                                  │
│     │ logic · 1.5s · esc to          │   ││                                  │
│     │ interrupt                      │   ││                                  │
│     ╰────────────────────────────────╯   ││                   -  wisp is idle│
╰──────────────────────────────────────────╯╰──────────────────────────────────╯
╭──────────────────────────────────────────────────────────────────────────────╮
│ > ask wisp...                                                                │
╰──────────────────────────────────────────────────────────────────────────────╯