╭──────────────────────────────────────────────────────────────────────────────╮
│   ▀▄▀▄▀▐▌▄▄▀▐▛▘    Endpoint                                                  │
│                    ● http://localhost:8091/v1                                │
│                                                                              │
│                    F1 or /help for controls                                  │
│ ──────────────────────────────────────────────────────────────────────────   │
│                                                                              │
│   ▌ clean up                                                                 │
│                                                                              │
│     ╭────────────────────────────────────────────────────────────────────╮   │
│     │ ⣾  bash rm -rf build/ · 1.5s · esc to interrupt                    │   │
│     ╰────────────────────────────────────────────────────────────────────╯   │
│                                                          · ?  wisp is waiting│
╰──────────────────────────────────────────────────────────────────────────────╯
╭─ Permission required ────────────────────────────────────────────────────────╮
│ bash wants to run a command                                                  │
│                                                                              │
│ $ rm -rf build/                                                              │
│                                                                              │
│ in /home/user/project                                                        │
│                                                                              │
│ y allow   a always allow this command   n deny   t deny with note            │
│ esc cancel turn   ↑↓ scroll                                                  │
╰──────────────────────────────────────────────────────────────────────────────╯