╭──────────────────────────────────────────────────────────╮
│ ──────────────────────────────────────────────────────   │
│                                                          │
│   ▌ clean up                                             │
│                                                          │
│     ╭────────────────────────────────────────────────╮   │
│     │ ⣾  edit internal/core/loop.go · 1.5s · esc to  │   │
│     │ interrupt                                      │   │
│     ╰────────────────────────────────────────────────╯   │
│                                      · ?  wisp is waiting│
╰──────────────────────────────────────────────────────────╯
╭─ Permission required ────────────────────────────────────╮
│ edit wants to edit internal/core/loop.go                 │
│                                                          │
│ - maxIter := 20                                          │
│ - step()                                                 │
│ + maxIter := 50                                          │
│ + step()                                                 │
│ + log()                                                  │
│                                                          │
│                                                          │
│ y allow   a always allow edit in this directory   n den… │
│ 1 more line ↑↓   esc cancel turn                         │
╰──────────────────────────────────────────────────────────╯