╭──────────────────────────────────────────────────────────╮
│     ╭────────────────────────────────────────────────╮   │
│     │ ✗ bash go vet ./... · 2 lines  loop.go:12:     │   │
│     │ unreachable code                               │   │
│     ╰────────────────────────────────────────────────╯   │
│                                                          │
│   ● The loop streams a response, runs the tools it       │
│     asks for, and repeats.                               │
│     ╭────────────────────────────────────────────────╮   │
│     │ go                                             │   │
│     │ for i := 0; i < maxIter; i++ {                 │   │
│     │     step()                                     │   │
│     │ }                                              │   │
│     ╰────────────────────────────────────────────────╯   │
│                                                          │
│   ◇ Compacted context: 28.4K → 4.1K tokens · the model   │
│     sees a summary of everything above                   │
│                                                          │
│   ▌ and now?                                             │
│                                           -  wisp is idle│
╰──────────────────────────────────────────────────────────╯
╭──────────────────────────────────────────────────────────╮
│ > ask wisp...                                            │
╰──────────────────────────────────────────────────────────╯