╭──────────────────────────────────────────────────────────────────────────────────────────────────────────────────────╮
│ ──────────────────────────────────────────────────────────────────────────────────────────────────────────────────   │
│                                                                                                                      │
│   ▌ what does the loop do?                                                                                           │
│                                                                                                                      │
│   ▸ Thought for 6 words · 1.5s                                                                                       │
│                                                                                                                      │
│     ╭────────────────────────────────────────────────────────────────────────────────────────────────────────────╮   │
│     │ ✓ read internal/core/loop.go · 3 lines                                                                     │   │
│     ╰────────────────────────────────────────────────────────────────────────────────────────────────────────────╯   │
│                                                                                                                      │
│     ╭────────────────────────────────────────────────────────────────────────────────────────────────────────────╮   │
│     │ ✗ bash go vet ./... · 2 lines  loop.go:12: unreachable code                                                │   │
│     ╰────────────────────────────────────────────────────────────────────────────────────────────────────────────╯   │
│                                                                                                                      │
│   ● The loop streams a response, runs the tools it asks for, and repeats.                                            │
│     ╭────────────────────────────────────────────────────────────────────────────────────────────────────────────╮   │
│     │ go                                                                                                         │   │
│     │ for i := 0; i < maxIter; i++ {                                                                             │   │
│     │     step()                                                                                                 │   │
│     │ }                                                                                                          │   │
│     ╰────────────────────────────────────────────────────────────────────────────────────────────────────────────╯   │
│                                                                                                                      │
│   Context usage                                                                                                      │
│   ■ · · · · · · · · · · · · · · · · · · ·    fast-agent                                                              │
│   · · · · · · · · · · · · · · · · · · · ·    30 / 32.8K tokens (0.1%)                                                │
│   · · · · · · · · · · · · · · · · · · · ·                                                                            │
│   · · · · · · · · · · · · · · · · · · · ·    Estimated usage by category                                             │
│   · · · · · · · · · · · · · · · · · · · ·    ■ Messages: 30 tokens (0.1%)                                            │
│   · · · · · · · · · · · · · · · · · · · ·    · Free space: 28.6K tokens (87.4%)                                      │
│   · · · · · · · · · · · · · · · · · · · ·    × Reserved for the reply: 4.1K tokens (12.5%)                           │
│   · · · · · · · · · · · · · · · · · · · ·                                                                            │
│   · · · · · · · · · · · · · · · × × × × ×    History masks at 17.2K, summarizes at 24.4K                             │
│   × × × × × × × × × × × × × × × × × × × ×                                                                            │
│                                                                                                       -  wisp is idle│
╰──────────────────────────────────────────────────────────────────────────────────────────────────────────────────────╯
╭──────────────────────────────────────────────────────────────────────────────────────────────────────────────────────╮
│ > ask wisp...                                                                                                        │
╰──────────────────────────────────────────────────────────────────────────────────────────────────────────────────────╯
 fast-agent · /home/user/project                                                                                        