╭──────────────────────────────────────────────────────────╮
│   · · · · · · · · · · · · · · · · · · · ·                │
│   · · · · · · · · · · · · · · · · · · · ·                │
│   · · · · · · · · · · · · · · · · · · · ·                │
│   · · · · · · · · · · · · · · · · · · · ·                │
│   · · · · · · · · · · · · · · · · · · · ·                │
│   · · · · · · · · · · · · · · · · · · · ·                │
│   · · · · · · · · · · · · · · · × × × × ×                │
│   × × × × × × × × × × × × × × × × × × × ×                │
│                                                          │
│   fast-agent                                             │
│   30 / 32.8K tokens (0.1%)                               │
│                                                          │
│   Estimated usage by category                            │
│   ■ Messages: 30 tokens (0.1%)                           │
│   · Free space: 28.6K tokens (87.4%)                     │
│   × Reserved for the reply: 4.1K tokens (12.5%)          │
│                                                          │
│   History masks at 17.2K, summarizes at 24.4K            │
│                                           -  wisp is idle│
╰──────────────────────────────────────────────────────────╯
╭──────────────────────────────────────────────────────────╮
│ > ask wisp...                                            │
╰──────────────────────────────────────────────────────────╯