╭──────────────────────────────────╮                        
│ Debug                            │                        
│ ● fast-agent                     │                        
│                                  │                        
│ Tokens      last      session    │                        
│ prompt      12000     30000      │                        
│   system    ~900                 │                        
│   history   ~11000               │                        
│   tool defs ~1500                │                        
│ cache hit   75%       66.7%      │                        
│ completion  800       2000       │                        
│   answer    ~700                 │                        
│                                  │                        
│ Context                          │                        
│ window      32.8K                │                        
│ used        12.0K (37%)          │                        
│   fixed     2.6K                 │                        
│   history   9.4K of 26.1K budget │                        
│   budget    █████░░░░░░░░░ 36%   │        -  wisp is idle 
│ mask at     15.6K                │                        
╭──────────────────────────────────────────────────────────╮
│ > ask wisp...                                            │
╰──────────────────────────────────────────────────────────╯
 fast-agent · /home/user/project · ctx 37% · $0.05          