╭──────────────────────────────────────────────────────────────────────────────────╮╭──────────────────────────────────╮
│                    ● fast-agent                                                  ││ Debug                            │
│                      32K context · $3.00/$15.00 per 1M                           ││ ● fast-agent                     │
│    ▄██████▄                                                                      ││                                  │
│   ██  ██  ██       Directory                                                     ││ Tokens      last      session    │
│   ████╭─────╮      ● /home/user/project                                          ││ prompt      12000     30000      │
│   ████│ >_  │ ━━                                                                 ││   system    ~900                 │
│   █▀█▀╰─────╯ ━    Session                                                       ││   history   ~11000               │
│        ▝▘          ● test-session                                                ││   tool defs ~1500                │
│   █ ▄ █▐▌▄▀▀▐▛▚▖                                                                 ││ cache hit   75%       66.7%      │
│   ▀▄▀▄▀▐▌▄▄▀▐▛▘    Endpoint                                                      ││ completion  800       2000       │
│                    ● http://localhost:8091/v1                                    ││   answer    ~700                 │
│                                                                                  ││                                  │
│                    F1 or /help for controls                                      ││ Context                          │
│ ──────────────────────────────────────────────────────────────────────────────   ││ window      32.8K                │
│                                                                                  ││ used        12.0K (37%)          │
│   ▌ what does the loop do?                                                       ││   fixed     2.6K                 │
│                                                                                  ││   history   9.4K of 26.1K budget │
│   ▸ Thought for 6 words · 1.5s                                                   ││   budget    █████░░░░░░░░░ 36%   │
│                                                                                  ││ mask at     15.6K                │
│     ╭────────────────────────────────────────────────────────────────────────╮   ││ summarize   if still over        │
│     │ ✓ read internal/core/loop.go · 3 lines                                 │   ││ estimates   ×1.08                │
│     ╰────────────────────────────────────────────────────────────────────────╯   ││ masked      4 outputs            │
│                                                                                  ││                                  │
│     ╭────────────────────────────────────────────────────────────────────────╮   ││ Cost (est.)                      │
│     │ ✗ bash go vet ./... · 2 lines  loop.go:12: unreachable code            │   ││ spent       $0.048    $0.048     │
│     ╰────────────────────────────────────────────────────────────────────────╯   ││ $3.00 in · $15.00 out per 1M     │
│                                                                                  ││                                  │
│   ● The loop streams a response, runs the tools it asks for, and repeats.        ││ Performance                      │
│     ╭────────────────────────────────────────────────────────────────────────╮   ││ 266.7 tok/s · 3s · 4 req         │
│     │ go                                                                     │   ││                                  │
│     │ for i := 0; i < maxIter; i++ {                                         │   ││                                  │
│     │     step()                                                             │   ││                                  │
│     │ }                                                                      │   ││                                  │
│     ╰────────────────────────────────────────────────────────────────────────╯   ││                   -  wisp is idle│
╰──────────────────────────────────────────────────────────────────────────────────╯╰──────────────────────────────────╯
╭──────────────────────────────────────────────────────────────────────────────────────────────────────────────────────╮
│ > ask wisp...                                                                                                        │
╰──────────────────────────────────────────────────────────────────────────────────────────────────────────────────────╯
 fast-agent · /home/user/project · ctx 37% · $0.05                                                                      