╭──────────────────────────────────────────╮╭──────────────────────────────────╮
│     │ ✓ read internal/core/loop.go · │   ││ Debug                            │
│     │ 3 lines                        │   ││ ● fast-agent                     │
│     ╰────────────────────────────────╯   ││                                  │
│                                          ││ Tokens      last      session    │
│     ╭────────────────────────────────╮   ││ prompt      12000     30000      │
│     │ ✗ bash go vet ./... · 2 lines  │   ││   system    ~900                 │
│     │ loop.go:12: unreachable code   │   ││   history   ~11000               │
│     ╰────────────────────────────────╯   ││   tool defs ~1500                │
│                                          ││ cache hit   75%       66.7%      │
│   ● The loop streams a response, runs    ││ completion  800       2000       │
│     the tools it asks for, and           ││   answer    ~700                 │
│     repeats.                             ││                                  │
│     ╭────────────────────────────────╮   ││ Context                          │
│     │ go                             │   ││ window      32.8K                │
│     │ for i := 0; i < maxIter; i++ { │   ││   fixed     2.6K                 │
│     │     step()                     │   ││   history   26.1K budget         │
│     │ }                              │   ││ used        █████░░░░░░░░░ 36%   │
│     ╰────────────────────────────────╯   ││ mask at     15.6K -  wisp is idle│
╰──────────────────────────────────────────╯╰──────────────────────────────────╯
╭──────────────────────────────────────────────────────────────────────────────╮
│ > ask wisp...                                                                │
╰──────────────────────────────────────────────────────────────────────────────╯
 fast-agent · /home/user/project · ctx 36% · $0.05                              