╭──────────────────────────────────────────╮╭──────────────────────────────────╮
│     ╭────────────────────────────────╮   ││ Debug                            │
│     │ ✓ read internal/core/loop.go · │   ││ ● fast-agent                     │
│     │ 3 lines                        │   ││                                  │
│     ╰────────────────────────────────╯   ││ Tokens      last      session    │
│                                          ││ prompt      12000     30000      │
│     ╭────────────────────────────────╮   ││   system    ~900                 │
│     │ ✗ bash go vet ./... · 2 lines  │   ││   history   ~11000               │
│     │ loop.go:12: unreachable code   │   ││   tool defs ~1500                │
│     ╰────────────────────────────────╯   ││ cache hit   75%       66.7%      │
│                                          ││ completion  800       2000       │
│   ● The loop streams a response, runs    ││   answer    ~700                 │
│     the tools it asks for, and           ││                                  │
│     repeats.                             ││ Context                          │
│     ╭────────────────────────────────╮   ││ window      32.8K                │
│     │ go                             │   ││   fixed     2.6K                 │
│     │ for i := 0; i < maxIter; i++ { │   ││   history   26.1K budget         │
│     │     step()                     │   ││ used        █████░░░░░░░░░ 36%   │
│     │ }                              │   ││ mask at     15.6K                │
│     ╰────────────────────────────────╯   ││ summarize   at 22.-  wisp is idle│
╰──────────────────────────────────────────╯╰──────────────────────────────────╯
╭──────────────────────────────────────────────────────────────────────────────╮
│ > ask wisp...                                                                │
╰──────────────────────────────────────────────────────────────────────────────╯