╭──────────────────────────────────────────────────────────╮
│    ▄██████▄                                              │
│   ██  ██  ██       Directory                             │
│   ████╭─────╮      ● /home/user/project                  │
│   ████│ >_  │ ━━                                         │
│   █▀█▀╰─────╯ ━    Session                               │
│        ▝▘          ● test-session                        │
│   █ ▄ █▐▌▄▀▀▐▛▚▖                                         │
│   ▀▄▀▄▀▐▌▄▄▀▐▛▘    Endpoint                              │
│                    ● http://localhost:8091/v1            │
│                                                          │
│                    F1 or /help for controls              │
│ ──────────────────────────────────────────────────────   │
│                                                          │
│   ▌ hi                                                   │
│                                                          │
│   ✗ stream error: 500 Internal Server Error: upstream    │
│   timed out                                              │
│                                           -  wisp is idle│
╰──────────────────────────────────────────────────────────╯
╭──────────────────────────────────────────────────────────╮
│ > ask wisp...                                            │
╰──────────────────────────────────────────────────────────╯
 fast-agent · /home/user/project                            