╭──────────────────────────────────────────────────────────────────────────────╮
│                    Model                                                     │
│                    ● qwen3-coder                                             │
│                      context unknown                                         │
│    ▄██████▄                                                                  │
│   ██ ╭────────────────────────────────────────────────────────────────╮      │
│   ███│ Switch model                                            3 of 3 │      │
│   ███│ ⌕ type to filter                                               │      │
│   █▀█│                                                                │      │
│      │   qwen3-coder  64K context · tools · loaded ● current          │      │
│   █ ▄│ › gemma3       16K context (model max 128K) · vision           │      │
│   ▀▄▀│   deepseek/v3  160K context · tools · $0.27/$1.10 per 1M       │      │
│      │                                                                │      │
│      │ ↑/↓ choose · enter select · esc close                          │      │
│      ╰────────────────────────────────────────────────────────────────╯      │
│ ──────────────────────────────────────────────────────────────────────────   │
│                                                                              │
│                                                                              │
│                                                                              │
│                                                               -  wisp is idle│
╰──────────────────────────────────────────────────────────────────────────────╯
╭──────────────────────────────────────────────────────────────────────────────╮
│ > ask wisp...                                                                │
╰──────────────────────────────────────────────────────────────────────────────╯