╭──────────────────────────────────────────────────────────╮
│                                                          │
│   ● The loop streams a response, runs the tools it       │
│     asks for, and repeats.                               │
│     ╭────────────────────────────────────────────────╮   │
│     │ go                                             │   │
│     │ for i := 0; i < maxIter; i++ {                 │   │
│     │     step()                                     │   │
│     │ }                                              │   │
│     ╰────────────────────────────────────────────────╯   │
│                                                          │
│   ▌ now run the tests                                    │
│                                                          │
│   ⣾  Thinking… 1.5s · esc to interrupt                   │
│                                                          │
│     ╭────────────────────────────────────────────────╮   │
│     │ ⣾  bash go test ./... · 1.5s · esc to          │   │
│     │ interrupt                                      │   │
│     ╰────────────────────────────────────────────────╯   │
│                                 · +  wisp is using a tool│
╰──────────────────────────────────────────────────────────╯
╭──────────────────────────────────────────────────────────╮
│ > ask wisp...                                            │
╰──────────────────────────────────────────────────────────╯