╭──────────────────────────────────────────────────────────────────────────────────────────────────────────────────────╮
│   ▀▄▀▄▀▐▌▄▄▀▐▛▘    Endpoint                                                                                          │
│                    ● http://localhost:8091/v1                                                                        │
│                                                                                                                      │
│                    F1 or /help for controls                                                                          │
│ ──────────────────────────────────────────────────────────────────────────────────────────────────────────────────   │
│                                                                                                                      │
│   ▌ what does the loop do?                                                                                           │
│                                                                                                                      │
│   ▸ Thought for 6 words · 1.5s                                                                                       │
│                                                                                                                      │
│     ╭────────────────────────────────────────────────────────────────────────────────────────────────────────────╮   │
│     │ ✓ read internal/core/loop.go · 3 lines                                                                     │   │
│     ╰────────────────────────────────────────────────────────────────────────────────────────────────────────────╯   │
│                                                                                                                      │
│     ╭────────────────────────────────────────────────────────────────────────────────────────────────────────────╮   │
│     │ ✗ bash go vet ./... · 2 lines  loop.go:12: unreachable code                                                │   │
│     ╰────────────────────────────────────────────────────────────────────────────────────────────────────────────╯   │
│                                                                                                                      │
│   ● The loop streams a response, runs the tools it asks for, and repeats.                                            │
│     ╭────────────────────────────────────────────────────────────────────────────────────────────────────────────╮   │
│     │ go                                                                                                         │   │
│     │ for i := 0; i < maxIter; i++ {                                                                             │   │
│     │     step()                                                                                                 │   │
│     │ }                                                                                                          │   │
│     ╰────────────────────────────────────────────────────────────────────────────────────────────────────────────╯   │
│                                                                                                                      │
│   ▌ now run the tests                                                                                                │
│                                                                                                                      │
│   ⣾  Thinking… 1.5s · esc to interrupt                                                                               │
│                                                                                                                      │
│     ╭────────────────────────────────────────────────────────────────────────────────────────────────────────────╮   │
│     │ ⣾  bash go test ./... · 1.5s · esc to interrupt                                                            │   │
│     ╰────────────────────────────────────────────────────────────────────────────────────────────────────────────╯   │
│                                                                                             · +  wisp is using a tool│
╰──────────────────────────────────────────────────────────────────────────────────────────────────────────────────────╯
╭──────────────────────────────────────────────────────────────────────────────────────────────────────────────────────╮
│ > ask wisp...                                                                                                        │
╰──────────────────────────────────────────────────────────────────────────────────────────────────────────────────────╯
 fast-agent · /home/user/project                                                                                        