╭─ ⣾ explorer ▸ find retry logic ──────────╮╭──────────────────────────────────╮
│   ▌ find retry logic                     ││ Agents 1 active                  │
│                                          ││                                  │
│   ● Retries live in  client.go :  post   ││ ⣾ explorer · 1.5s                │
│     retries 429 and 5xx.                 ││   find retry logic               │
│                                          ││                                  │
│                                          ││                                  │
│                                          ││                                  │
│                                          ││                                  │
│                                          ││                                  │
│                                          ││                                  │
│                                          ││                                  │
│                                          ││                                  │
│                                          ││                                  │
│                                          ││                                  │
│                                          ││                                  │
│                                          ││                                  │
│                                          ││                                  │
│                                          ││                   -  wisp is idle│
╰──────────────────────────────────────────╯╰──────────────────────────────────╯
╭──────────────────────────────────────────────────────────────────────────────╮
│ > ask wisp...                                                                │
╰──────────────────────────────────────────────────────────────────────────────╯
 fast-agent · /home/user/project                                                