╭─ ⣾ explorer ▸ find retry logic ──────────── ctrl+b back ─╮
│   ▌ find retry logic                                     │
│                                                          │
│   ● Retries live in  client.go :  post  retries 429      │
│     and 5xx.                                             │
│                                                          │
│                                                          │
│                                                          │
│                                                          │
│                                                          │
│                                                          │
│                                                          │
│                                                          │
│                                                          │
│                                                          │
│                                                          │
│                                                          │
│                                                          │
│                                           -  wisp is idle│
╰──────────────────────────────────────────────────────────╯
╭──────────────────────────────────────────────────────────╮
│ > ask wisp...                                            │
╰──────────────────────────────────────────────────────────╯
 fast-agent · /home/user/project                            