╭─ ⣾ explorer ▸ find retry logic ──────────────────────────────────── ctrl+b back ─╮╭──────────────────────────────────╮
│   ▌ find retry logic                                                             ││ Agents 1 active                  │
│                                                                                  ││                                  │
│   ● Retries live in  client.go :  post  retries 429 and 5xx.                     ││ ⣾ explorer · 1.5s                │
│                                                                                  ││   find retry logic               │
│                                                                                  ││                                  │
│                                                                                  ││                                  │
│                                                                                  ││                                  │
│                                                                                  ││                                  │
│                                                                                  ││                                  │
│                                                                                  ││                                  │
│                                                                                  ││                                  │
│                                                                                  ││                                  │
│                                                                                  ││                                  │
│                                                                                  ││                                  │
│                                                                                  ││                                  │
│                                                                                  ││                                  │
│                                                                                  ││                                  │
│                                                                                  ││                                  │
│                                                                                  ││                                  │
│                                                                                  ││                                  │
│                                                                                  ││                                  │
│                                                                                  ││                                  │
│                                                                                  ││                                  │
│                                                                                  ││                                  │
│                                                                                  ││                                  │
│                                                                                  ││                                  │
│                                                                                  ││                                  │
│                                                                                  ││                                  │
│                                                                                  ││                                  │
│                                                                                  ││                                  │
│                                                                                  ││                                  │
│                                                                                  ││                                  │
│                                                                                  ││                                  │
│                                                                                  ││                                  │
│                                                                                  ││                   -  wisp is idle│
╰──────────────────────────────────────────────────────────────────────────────────╯╰──────────────────────────────────╯
╭──────────────────────────────────────────────────────────────────────────────────────────────────────────────────────╮
│ > ask wisp...                                                                                                        │
╰──────────────────────────────────────────────────────────────────────────────────────────────────────────────────────╯